$CV1,0,85,1,0,-31.8,-36.6,234.9,-0.115829,0.157936,1.587501*06
$CV1,2,315,0,-1,0.0,0.0,0.0,0.000000,0.000000,0.000000*3D
$CV1,4,545,1,0,-44.3,15.1,223.3,-0.028192,0.152006,1.542180*18
$CV1,6,771,1,0,-53.7,26.7,218.8,-0.059816,0.053910,1.541131*1C
$CV1,8,997,1,0,-60.6,18.0,239.3,0.001485,-0.226202,1.584265*1F
$CV1,10,1227,1,0,-45.3,-25.7,243.3,-0.085292,0.113498,1.549579*3B
$CV1,12,1458,1,0,-36.7,-18.0,234.3,-0.061425,0.091583,1.558780*3A
$CV1,14,1687,1,0,-31.6,7.9,220.3,-0.034392,0.078050,1.550422*21
$CV1,16,1917,1,0,-29.6,11.6,217.6,-0.095932,0.006185,1.544041*1A
$CV1,18,2156,0,-1,0.0,0.0,0.0,0.000000,0.000000,0.000000*31
$CV1,20,2388,0,-1,0.0,0.0,0.0,0.000000,0.000000,0.000000*3B
$CV1,22,2619,0,-1,0.0,0.0,0.0,0.000000,0.000000,0.000000*34
$CV1,24,2849,0,-1,0.0,0.0,0.0,0.000000,0.000000,0.000000*39
$CV1,26,3080,0,-1,0.0,0.0,0.0,0.000000,0.000000,0.000000*37
$CV1,28,3309,0,-1,0.0,0.0,0.0,0.000000,0.000000,0.000000*3B
$CV1,30,3541,0,-1,0.0,0.0,0.0,0.000000,0.000000,0.000000*38
$CV1,32,3772,1,0,-43.6,33.7,202.5,0.083451,0.187902,1.556572*32
$CV1,34,4003,1,0,-44.2,39.2,202.8,0.044370,0.039351,1.578650*3B
$CV1,36,4233,1,0,-43.3,30.2,200.4,0.031834,0.075606,1.556442*32
$CV1,38,4467,1,0,-38.9,28.4,197.0,0.000683,0.086169,1.538148*3E
$CV1,40,4694,1,0,-37.2,21.9,196.7,-0.023382,0.087117,1.535228*11
$CV1,42,4920,0,-1,0.0,0.0,0.0,0.000000,0.000000,0.000000*31
$CV1,44,5151,0,-1,0.0,0.0,0.0,0.000000,0.000000,0.000000*38
$CV1,46,5381,0,-1,0.0,0.0,0.0,0.000000,0.000000,0.000000*35
$CV1,48,5610,0,-1,0.0,0.0,0.0,0.000000,0.000000,0.000000*36
$CV1,50,5839,0,-1,0.0,0.0,0.0,0.000000,0.000000,0.000000*3A
$CV1,52,6071,0,-1,0.0,0.0,0.0,0.000000,0.000000,0.000000*3F
$CV1,54,6301,0,-1,0.0,0.0,0.0,0.000000,0.000000,0.000000*3D
$CV1,56,6537,1,0,-30.3,28.5,179.5,-0.123620,0.108298,1.499667*18
$CV1,58,6763,1,0,-35.3,5.4,187.0,-0.139577,0.180333,1.537364*23
$CV1,60,6987,1,0,-30.7,-5.4,180.7,-0.156691,0.206092,1.549389*0D
$CV1,62,7210,1,0,-31.7,-11.0,181.5,-0.094752,0.204811,1.562541*33
$CV1,64,7433,1,0,-32.8,-18.8,188.5,-0.224347,0.213762,1.517842*3E
$CV1,66,7661,0,-1,0.0,0.0,0.0,0.000000,0.000000,0.000000*3E
$CV1,68,7889,0,-1,0.0,0.0,0.0,0.000000,0.000000,0.000000*38
$CV1,70,8118,0,-1,0.0,0.0,0.0,0.000000,0.000000,0.000000*3F
$CV1,72,8348,0,-1,0.0,0.0,0.0,0.000000,0.000000,0.000000*3A
$CV1,74,8575,0,-1,0.0,0.0,0.0,0.000000,0.000000,0.000000*34
$CV1,76,8806,0,-1,0.0,0.0,0.0,0.000000,0.000000,0.000000*3F
$CV1,78,9032,1,0,-35.3,-23.4,184.3,-0.068663,0.176232,1.547317*3D
$CV1,80,9261,1,0,-37.8,-18.3,180.9,-0.072612,0.185408,1.550958*3F
$CV1,82,9482,1,0,-37.3,-18.0,179.3,-0.081454,0.199734,1.549483*3C
$CV1,84,9704,1,0,-37.1,-17.0,179.1,-0.083446,0.197949,1.553925*39
$CV1,86,9926,1,0,-37.3,-16.7,180.5,-0.079097,0.190295,1.555441*3A
$CV1,88,10147,1,0,-36.5,-17.0,180.3,-0.079342,0.186879,1.551000*05
$CV1,90,10376,1,0,-34.1,-30.7,186.5,-0.299012,0.235400,1.498720*0A
$CV1,92,10602,0,-1,0.0,0.0,0.0,0.000000,0.000000,0.000000*06
$CV1,94,10830,0,-1,0.0,0.0,0.0,0.000000,0.000000,0.000000*0F
$CV1,96,11061,0,-1,0.0,0.0,0.0,0.000000,0.000000,0.000000*00
$CV1,98,11289,0,-1,0.0,0.0,0.0,0.000000,0.000000,0.000000*0A
$CV1,100,11516,0,-1,0.0,0.0,0.0,0.000000,0.000000,0.000000*3B
$CV1,102,11747,0,-1,0.0,0.0,0.0,0.000000,0.000000,0.000000*3F
$CV1,104,11974,1,0,-35.8,15.8,162.1,-0.000919,0.172338,1.541253*14
$CV1,106,12208,1,0,-36.5,16.2,167.6,-0.017867,0.143275,1.534703*16
$CV1,108,12432,1,0,-33.3,14.9,176.2,-0.020559,0.140747,1.520555*1E
$CV1,110,12655,1,0,-28.4,13.0,185.9,-0.034454,0.131018,1.505119*19
$CV1,112,12879,1,0,-24.7,7.2,194.8,-0.100533,0.172709,1.490052*27
$CV1,114,13106,1,0,-21.9,2.5,193.7,-0.069943,0.199791,1.495235*27
$CV1,116,13332,1,0,-21.5,3.1,193.1,-0.060953,0.209049,1.495344*28
$CV1,118,13556,1,0,-20.0,2.7,193.1,-0.066328,0.203321,1.494068*2A
$CV1,120,13782,1,0,-19.4,3.2,192.4,-0.063186,0.205797,1.496193*2F
$CV1,122,14008,1,0,-19.6,2.6,193.7,-0.058267,0.209302,1.498946*24
$CV1,124,14233,0,-1,0.0,0.0,0.0,0.000000,0.000000,0.000000*38
$CV1,126,14461,0,-1,0.0,0.0,0.0,0.000000,0.000000,0.000000*3B
$CV1,128,14687,0,-1,0.0,0.0,0.0,0.000000,0.000000,0.000000*3F
$CV1,130,14914,0,-1,0.0,0.0,0.0,0.000000,0.000000,0.000000*33
$CV1,132,15141,0,-1,0.0,0.0,0.0,0.000000,0.000000,0.000000*38
$CV1,134,15368,0,-1,0.0,0.0,0.0,0.000000,0.000000,0.000000*37
$CV1,136,15595,0,-1,0.0,0.0,0.0,0.000000,0.000000,0.000000*31
$CV1,138,15822,0,-1,0.0,0.0,0.0,0.000000,0.000000,0.000000*3E
$CV1,140,16050,1,0,-21.9,30.3,186.7,0.045324,0.188310,1.496388*33
$CV1,142,16279,1,0,-26.8,32.0,186.3,0.050937,0.101609,1.497291*33
$CV1,144,16503,1,0,-31.8,26.4,186.2,0.058177,0.077317,1.507145*35
$CV1,146,16729,1,0,-32.8,14.6,192.0,0.015329,0.059436,1.523291*3E
$CV1,148,16953,1,0,-29.4,-5.8,203.4,-0.170842,0.127097,1.534127*0F
$CV1,150,17182,1,0,-23.8,-32.3,208.4,-0.131766,0.168584,1.555474*35
$CV1,152,17410,1,0,-24.0,-40.9,212.0,-0.034399,0.158179,1.568601*3D
$CV1,154,17636,1,0,-24.1,-40.7,211.8,-0.018513,0.146405,1.570183*36
$CV1,156,17861,1,0,-22.7,-41.2,208.9,-0.054861,0.165213,1.568152*30
$CV1,158,18089,1,0,-22.8,-49.7,213.5,-0.140612,0.195472,1.572771*37
$CV1,160,18324,0,-1,0.0,0.0,0.0,0.000000,0.000000,0.000000*33
$CV1,162,18548,0,-1,0.0,0.0,0.0,0.000000,0.000000,0.000000*3D
$CV1,164,18777,0,-1,0.0,0.0,0.0,0.000000,0.000000,0.000000*35
$CV1,166,19005,0,-1,0.0,0.0,0.0,0.000000,0.000000,0.000000*34
$CV1,167,19119,0,-1,0.0,0.0,0.0,0.000000,0.000000,0.000000*39
$CV1,169,19347,0,-1,0.0,0.0,0.0,0.000000,0.000000,0.000000*3E
$CV1,171,19578,0,-1,0.0,0.0,0.0,0.000000,0.000000,0.000000*3D
$CV1,173,19803,0,-1,0.0,0.0,0.0,0.000000,0.000000,0.000000*3E
$CV1,175,20026,0,-1,0.0,0.0,0.0,0.000000,0.000000,0.000000*3D
$CV1,177,20249,0,-1,0.0,0.0,0.0,0.000000,0.000000,0.000000*34
$CV1,180,20583,0,-1,0.0,0.0,0.0,0.000000,0.000000,0.000000*3D
$CV1,182,20806,0,-1,0.0,0.0,0.0,0.000000,0.000000,0.000000*3F
$CV1,184,21033,0,-1,0.0,0.0,0.0,0.000000,0.000000,0.000000*36
$CV1,186,21258,0,-1,0.0,0.0,0.0,0.000000,0.000000,0.000000*3B
$CV1,188,21483,0,-1,0.0,0.0,0.0,0.000000,0.000000,0.000000*35
$CV1,190,21708,0,-1,0.0,0.0,0.0,0.000000,0.000000,0.000000*3C
$CV1,192,21931,0,-1,0.0,0.0,0.0,0.000000,0.000000,0.000000*3A
$CV1,194,22155,0,-1,0.0,0.0,0.0,0.000000,0.000000,0.000000*35
$CV1,196,22379,1,0,-9.3,-41.2,178.9,-0.120933,0.118565,1.569577*0B
$CV1,198,22603,1,0,10.9,-50.1,192.7,-0.266319,0.221059,1.578811*16
$CV1,200,22836,0,-1,0.0,0.0,0.0,0.000000,0.000000,0.000000*37
$CV1,202,23061,0,-1,0.0,0.0,0.0,0.000000,0.000000,0.000000*3E
$CV1,204,23292,0,-1,0.0,0.0,0.0,0.000000,0.000000,0.000000*36
$CV1,206,23517,0,-1,0.0,0.0,0.0,0.000000,0.000000,0.000000*3E
$CV1,208,23744,0,-1,0.0,0.0,0.0,0.000000,0.000000,0.000000*34
$CV1,210,23973,0,-1,0.0,0.0,0.0,0.000000,0.000000,0.000000*37
$CV1,212,24197,0,-1,0.0,0.0,0.0,0.000000,0.000000,0.000000*30
$CV1,214,24423,0,-1,0.0,0.0,0.0,0.000000,0.000000,0.000000*3C
$CV1,216,24652,0,-1,0.0,0.0,0.0,0.000000,0.000000,0.000000*3A
$CV1,218,24885,0,-1,0.0,0.0,0.0,0.000000,0.000000,0.000000*30
$CV1,220,25117,0,-1,0.0,0.0,0.0,0.000000,0.000000,0.000000*38
$CV1,222,25345,0,-1,0.0,0.0,0.0,0.000000,0.000000,0.000000*3F
$CV1,224,25573,0,-1,0.0,0.0,0.0,0.000000,0.000000,0.000000*3A
$CV1,226,25803,1,0,-30.4,-2.7,181.6,-0.086800,0.183228,1.496123*00
$CV1,228,26029,1,0,-23.8,-26.4,196.7,-0.221878,0.199823,1.523306*31
$CV1,230,26257,1,0,-15.9,-45.6,195.5,-0.128987,0.189216,1.584188*3E
$CV1,232,26483,1,0,-14.7,-51.3,197.2,-0.153583,0.212672,1.594908*3B
$CV1,234,26709,1,0,-15.0,-52.3,197.7,-0.173554,0.265435,1.584333*36
$CV1,236,26933,0,-1,0.0,0.0,0.0,0.000000,0.000000,0.000000*32
$CV1,238,27158,0,-1,0.0,0.0,0.0,0.000000,0.000000,0.000000*38
$CV1,240,27387,0,-1,0.0,0.0,0.0,0.000000,0.000000,0.000000*37
$CV1,242,27617,0,-1,0.0,0.0,0.0,0.000000,0.000000,0.000000*39
$CV1,244,27844,0,-1,0.0,0.0,0.0,0.000000,0.000000,0.000000*37
$CV1,246,28078,0,-1,0.0,0.0,0.0,0.000000,0.000000,0.000000*3D
$CV1,248,28311,0,-1,0.0,0.0,0.0,0.000000,0.000000,0.000000*3F
$CV1,250,28539,0,-1,0.0,0.0,0.0,0.000000,0.000000,0.000000*3A
$CV1,252,28767,0,-1,0.0,0.0,0.0,0.000000,0.000000,0.000000*31
$CV1,254,28997,0,-1,0.0,0.0,0.0,0.000000,0.000000,0.000000*36
$CV1,256,29227,0,-1,0.0,0.0,0.0,0.000000,0.000000,0.000000*35
$CV1,258,29453,0,-1,0.0,0.0,0.0,0.000000,0.000000,0.000000*3E
$CV1,260,29681,0,-1,0.0,0.0,0.0,0.000000,0.000000,0.000000*38
$CV1,262,29909,1,0,123.8,-60.9,225.6,-0.368562,0.121151,1.670366*24
$CV1,264,30138,0,-1,0.0,0.0,0.0,0.000000,0.000000,0.000000*31
$CV1,266,30367,1,0,87.3,1.0,214.2,-0.224684,0.062303,1.524487*00
$CV1,268,30595,1,0,75.3,13.3,227.2,-0.163025,0.202873,1.498556*36
$CV1,270,30824,0,-1,0.0,0.0,0.0,0.000000,0.000000,0.000000*30
$CV1,272,31056,0,-1,0.0,0.0,0.0,0.000000,0.000000,0.000000*3E
$CV1,274,31285,0,-1,0.0,0.0,0.0,0.000000,0.000000,0.000000*34
$CV1,276,31514,0,-1,0.0,0.0,0.0,0.000000,0.000000,0.000000*39
$CV1,278,31740,0,-1,0.0,0.0,0.0,0.000000,0.000000,0.000000*34
$CV1,280,31968,0,-1,0.0,0.0,0.0,0.000000,0.000000,0.000000*37
$CV1,282,32197,0,-1,0.0,0.0,0.0,0.000000,0.000000,0.000000*3E
$CV1,284,32424,0,-1,0.0,0.0,0.0,0.000000,0.000000,0.000000*35
$CV1,286,32650,0,-1,0.0,0.0,0.0,0.000000,0.000000,0.000000*36
$CV1,288,32882,0,-1,0.0,0.0,0.0,0.000000,0.000000,0.000000*39
$CV1,290,33112,0,-1,0.0,0.0,0.0,0.000000,0.000000,0.000000*31
$CV1,292,33341,0,-1,0.0,0.0,0.0,0.000000,0.000000,0.000000*37
$CV1,294,33566,0,-1,0.0,0.0,0.0,0.000000,0.000000,0.000000*32
$CV1,296,33792,0,-1,0.0,0.0,0.0,0.000000,0.000000,0.000000*39
$CV1,298,34018,0,-1,0.0,0.0,0.0,0.000000,0.000000,0.000000*35
$CV1,300,34244,0,-1,0.0,0.0,0.0,0.000000,0.000000,0.000000*3E
$CV1,302,34471,0,-1,0.0,0.0,0.0,0.000000,0.000000,0.000000*3C
$CV1,304,34695,0,-1,0.0,0.0,0.0,0.000000,0.000000,0.000000*32
$CV1,306,34921,0,-1,0.0,0.0,0.0,0.000000,0.000000,0.000000*30
$CV1,308,35149,0,-1,0.0,0.0,0.0,0.000000,0.000000,0.000000*39
$CV1,310,35373,0,-1,0.0,0.0,0.0,0.000000,0.000000,0.000000*3B
$CV1,312,35599,0,-1,0.0,0.0,0.0,0.000000,0.000000,0.000000*3B
$CV1,314,35825,0,-1,0.0,0.0,0.0,0.000000,0.000000,0.000000*37
$CV1,316,36050,0,-1,0.0,0.0,0.0,0.000000,0.000000,0.000000*3C
$CV1,318,36275,0,-1,0.0,0.0,0.0,0.000000,0.000000,0.000000*37
$CV1,320,36500,0,-1,0.0,0.0,0.0,0.000000,0.000000,0.000000*39
$CV1,322,36725,0,-1,0.0,0.0,0.0,0.000000,0.000000,0.000000*3E
$CV1,324,36954,0,-1,0.0,0.0,0.0,0.000000,0.000000,0.000000*30
$CV1,326,37194,0,-1,0.0,0.0,0.0,0.000000,0.000000,0.000000*37
$CV1,328,37419,0,-1,0.0,0.0,0.0,0.000000,0.000000,0.000000*39
$CV1,330,37643,0,-1,0.0,0.0,0.0,0.000000,0.000000,0.000000*3D
$CV1,332,37868,0,-1,0.0,0.0,0.0,0.000000,0.000000,0.000000*38
$CV1,334,38095,0,-1,0.0,0.0,0.0,0.000000,0.000000,0.000000*3B
$CV1,336,38323,0,-1,0.0,0.0,0.0,0.000000,0.000000,0.000000*37
$CV1,338,38555,0,-1,0.0,0.0,0.0,0.000000,0.000000,0.000000*3E
$CV1,340,38781,0,-1,0.0,0.0,0.0,0.000000,0.000000,0.000000*3A
$CV1,342,39013,0,-1,0.0,0.0,0.0,0.000000,0.000000,0.000000*35
$CV1,344,39239,0,-1,0.0,0.0,0.0,0.000000,0.000000,0.000000*39
$CV1,346,39466,0,-1,0.0,0.0,0.0,0.000000,0.000000,0.000000*37
